../Core/Src/main.cpp:106:6:void send_uart_to_transmit(char*)	16	static
../Core/Src/main.cpp:112:6:void HAL_GPIO_EXTI_Callback(uint16_t)	16	static
../Core/Src/main.cpp:125:5:int main()	128	static
../Core/Src/main.cpp:298:6:void SystemClock_Config()	72	static
../Core/Src/main.cpp:338:13:void MX_I2C1_Init()	8	static
../Core/Src/main.cpp:372:13:void MX_USART2_UART_Init()	8	static
../Core/Src/main.cpp:405:13:void MX_GPIO_Init()	40	static
../Core/Src/main.cpp:448:6:void handleGesture()	8	static
../Core/Src/main.cpp:485:6:void motor_up()	8	static
../Core/Src/main.cpp:494:6:void motor_down()	8	static
../Core/Src/main.cpp:503:6:void stop_system()	8	static
../Core/Src/main.cpp:516:6:void Error_Handler()	4	static,ignoring_inline_asm
../Core/Src/main.cpp:525:1:void __static_initialization_and_destruction_0(int, int)	16	static
../Core/Src/main.cpp:525:1:cpp)	8	static
../Core/Src/main.cpp:525:1:cpp)	8	static
